// Vitest Snapshot v1, https://vitest.dev/guide/snapshot.html

exports[`<PrivateRoute /> > PrivateRoute renders properly 1`] = `null`;
