// Vitest Snapshot v1, https://vitest.dev/guide/snapshot.html

exports[`<NavBar /> > NavBar renders properly 1`] = `
<nav
  className="bg-white border-gray-200 "
>
  <div
    className="max-w-screen-xl flex flex-wrap items-center justify-between mx-auto p-4"
  >
    <span
      className="self-center text-2xl font-semibold whitespace-nowrap "
    >
      Chat App
    </span>
    <span>
      You are not logged in
    </span>
    <div
      className="hidden w-full md:block md:w-auto"
      id="navbar-dropdown"
    >
      <ul
        className="flex flex-col font-medium p-4 md:p-0 mt-4 border border-gray-100 rounded-lg bg-gray-50 md:flex-row md:space-x-8 md:mt-0 md:border-0 md:bg-white"
      >
        <li>
          <a
            className="block py-2 pl-3 pr-4 text-gray-900 rounded hover:bg-gray-100 md:hover:bg-transparent md:border-0 md:hover:text-blue-700 md:p-0"
            href="/"
            onClick={[Function]}
          >
            Home
          </a>
        </li>
        <li>
          <a
            className="block py-2 pl-3 pr-4 text-gray-900 rounded hover:bg-gray-100 md:hover:bg-transparent md:border-0 md:hover:text-blue-700 md:p-0"
            href="/inbox"
            onClick={[Function]}
          >
            Inbox
          </a>
        </li>
        <li>
          <a
            className="block py-2 pl-3 pr-4 text-gray-900 rounded hover:bg-gray-100 md:hover:bg-transparent md:border-0 md:hover:text-blue-700 md:p-0"
            href="/login"
            onClick={[Function]}
          >
            Login
          </a>
        </li>
        <li>
          <a
            className="block py-2 pl-3 pr-4 text-gray-900 rounded hover:bg-gray-100 md:hover:bg-transparent md:border-0 md:hover:text-blue-700 md:p-0"
            href="/register"
            onClick={[Function]}
          >
            Register
          </a>
        </li>
      </ul>
    </div>
  </div>
</nav>
`;
