// Vitest Snapshot v1, https://vitest.dev/guide/snapshot.html

exports[`<ChatWindow /> > ChatWindow mounts properly 1`] = `
<div
  className="w-full h-[92vh] px-5 flex flex-col justify-between"
>
  <div
    className="flex flex-col mt-5 overflow-y-auto"
  >
    <div />
  </div>
  <div
    className="py-5"
  >
    <form
      onSubmit={[Function]}
    >
      <label
        className="sr-only"
        htmlFor="chat"
      >
        Your message
      </label>
      <div
        className="flex items-center px-3 py-2 rounded-lg bg-gray-50"
      >
        <textarea
          className="block mx-4 p-2.5 w-full text-sm text-gray-900 bg-white rounded-lg border border-gray-300 focus:ring-blue-500 focus:border-blue-500"
          name="input"
          onBlur={[Function]}
          onChange={[Function]}
          onKeyDown={[Function]}
          placeholder="Your message..."
          rows={1}
        />
        <button
          className="inline-flex justify-center p-2 text-blue-600 rounded-full cursor-pointer hover:bg-blue-100"
          type="submit"
        >
          <svg
            aria-hidden="true"
            className="w-5 h-5 rotate-90"
            fill="currentColor"
            viewBox="0 0 18 20"
            xmlns="http://www.w3.org/2000/svg"
          >
            <path
              d="m17.914 18.594-8-18a1 1 0 0 0-1.828 0l-8 18a1 1 0 0 0 1.157 1.376L8 18.281V9a1 1 0 0 1 2 0v9.281l6.758 1.689a1 1 0 0 0 1.156-1.376Z"
            />
          </svg>
          <span
            className="sr-only"
          >
            Send message
          </span>
        </button>
      </div>
    </form>
  </div>
</div>
`;

exports[`<UserList /> > UserList mounts properly 1`] = `
<div
  className="w-full h-[92vh] px-5 flex flex-col justify-between"
>
  <div
    className="flex flex-col mt-5 overflow-y-auto"
  >
    <div />
  </div>
  <div
    className="py-5"
  >
    <form
      onSubmit={[Function]}
    >
      <label
        className="sr-only"
        htmlFor="chat"
      >
        Your message
      </label>
      <div
        className="flex items-center px-3 py-2 rounded-lg bg-gray-50"
      >
        <textarea
          className="block mx-4 p-2.5 w-full text-sm text-gray-900 bg-white rounded-lg border border-gray-300 focus:ring-blue-500 focus:border-blue-500"
          name="input"
          onBlur={[Function]}
          onChange={[Function]}
          onKeyDown={[Function]}
          placeholder="Your message..."
          rows={1}
        />
        <button
          className="inline-flex justify-center p-2 text-blue-600 rounded-full cursor-pointer hover:bg-blue-100"
          type="submit"
        >
          <svg
            aria-hidden="true"
            className="w-5 h-5 rotate-90"
            fill="currentColor"
            viewBox="0 0 18 20"
            xmlns="http://www.w3.org/2000/svg"
          >
            <path
              d="m17.914 18.594-8-18a1 1 0 0 0-1.828 0l-8 18a1 1 0 0 0 1.157 1.376L8 18.281V9a1 1 0 0 1 2 0v9.281l6.758 1.689a1 1 0 0 0 1.156-1.376Z"
            />
          </svg>
          <span
            className="sr-only"
          >
            Send message
          </span>
        </button>
      </div>
    </form>
  </div>
</div>
`;
