// Vitest Snapshot v1, https://vitest.dev/guide/snapshot.html

exports[`<Register /> > Register mounts properly 1`] = `
<section
  className="bg-gray-50 "
>
  <div
    className="flex flex-col items-center justify-center px-6 py-8 mx-auto md:h-screen lg:py-0"
  >
    <div
      className="w-full bg-white rounded-lg shadow  md:mt-0 sm:max-w-md xl:p-0 "
    >
      <div
        className="p-6 space-y-4 md:space-y-6 sm:p-8"
      >
        <h1
          className="text-xl font-bold leading-tight tracking-tight text-gray-900 md:text-2xl "
        >
          Register to Chat
        </h1>
        <form
          aria-label="form"
          className="space-y-4 md:space-y-6"
          name="form"
          onSubmit={[Function]}
          role="form"
        >
          <div>
            <label
              className="block mb-2 text-sm font-medium text-gray-900 "
              htmlFor="text"
            >
              Username
            </label>
            <input
              className="bg-gray-50 border border-gray-300 text-gray-900 sm:text-sm rounded-lg focus:ring-primary-600 focus:border-primary-600 block w-full p-2.5"
              name="userName"
              onBlur={[Function]}
              onChange={[Function]}
              required={true}
            />
          </div>
          <div>
            <label
              className="block mb-2 text-sm font-medium text-gray-900"
              htmlFor="password"
            >
              Password
            </label>
            <input
              className="bg-gray-50 border border-gray-300 text-gray-900 sm:text-sm rounded-lg focus:ring-primary-600 focus:border-primary-600 block w-full p-2.5"
              name="password"
              onBlur={[Function]}
              onChange={[Function]}
              required={true}
              type="password"
            />
          </div>
          <button
            className="w-full bg-primary-600 hover:bg-primary-700 focus:ring-4 focus:outline-none focus:ring-primary-300 font-medium rounded-lg text-sm px-5 py-2.5 text-center"
            type="submit"
          >
            Register
          </button>
          <p
            className="text-sm font-light text-gray-500"
          >
            Already Registered?
             
            <a
              className="font-medium text-primary-600 hover:underline"
              href="/login"
              onClick={[Function]}
            >
              Login Here
            </a>
          </p>
        </form>
      </div>
    </div>
  </div>
</section>
`;
